[frutalesenmacetas.com/1/index.html]
[backblue.gif]
[fade.gif]
[index.html]
[img.imageboss.me/atm/cdn/u/xYfjzLj2lBVs32Hu3uebeBa7Ijs2/l/IAqgmz0313700.png]
[scripts.converteai.net/f7bb97cc-a873-4ebe-892a-9f704d497d71/players/637813060539470009a345af/player.js]
[cdn.converteai.net/lib/js/smartplayer/v1/smartplayer.min.js]
[images.converteai.net/f7bb97cc-a873-4ebe-892a-9f704d497d71/players/637813060539470009a345af/thumbnail.jpg]
[images.converteai.net/469edc51-5d17-40f6-8a17-cab445757642/players/6383af13f547de0009bde83b/thumbnail.jpg]
[scripts.converteai.net/469edc51-5d17-40f6-8a17-cab445757642/players/6383af13f547de0009bde83b/player.js]
[img.imageboss.me/atm/cdn/format_auto/u/xYfjzLj2lBVs32Hu3uebeBa7Ijs2/l/njfIQA1576689.png]
[img.imageboss.me/atm/cdn/format_auto/u/xYfjzLj2lBVs32Hu3uebeBa7Ijs2/l/XEvmnv8006305.png]
[img.imageboss.me/atm/cdn/format_auto/u/xYfjzLj2lBVs32Hu3uebeBa7Ijs2/l/ijaXef6333853.jpg]
[img.imageboss.me/atm/cdn/format_auto/u/xYfjzLj2lBVs32Hu3uebeBa7Ijs2/l/tHioiR5612787.jpg]
[img.imageboss.me/atm/cdn/p/l.png]
[img.imageboss.me/atm/cdn/p/h.png]
[img.imageboss.me/atm/cdn/format_auto/u/xYfjzLj2lBVs32Hu3uebeBa7Ijs2/l/pjJctY5751504.jpg]
[img.imageboss.me/atm/cdn/u/xYfjzLj2lBVs32Hu3uebeBa7Ijs2/l/kQAxQe2285134.jpg]
[img.imageboss.me/atm/cdn/u/xYfjzLj2lBVs32Hu3uebeBa7Ijs2/l/YpYDkW6020281.jpg]
[img.imageboss.me/atm/cdn/format_auto/u/xYfjzLj2lBVs32Hu3uebeBa7Ijs2/l/nyYkCg5958118.jpg]
[img.imageboss.me/atm/cdn/format_auto/u/xYfjzLj2lBVs32Hu3uebeBa7Ijs2/l/YllfWG5917486.jpg]
[img.imageboss.me/atm/cdn/format_auto/u/xYfjzLj2lBVs32Hu3uebeBa7Ijs2/l/lQWRDv5794866.jpg]
[img.imageboss.me/atm/cdn/format_auto/u/xYfjzLj2lBVs32Hu3uebeBa7Ijs2/l/CPmzrf2300666.jpg]
[img.imageboss.me/atm/cdn/u/xYfjzLj2lBVs32Hu3uebeBa7Ijs2/l/CmbDBC3362388.png]
[img.imageboss.me/atm/cdn/format_auto/u/xYfjzLj2lBVs32Hu3uebeBa7Ijs2/l/YwGYoi4821646.jpg]
[connect.facebook.net/en_US/fbevents.js]
[frutalesenmacetas.com/1/js/KYwark0913045.js]
[frutalesenmacetas.com/1/index.html]
[frutalesenmacetas.com/1/c]
[frutalesenmacetas.com/1/b]
[frutalesenmacetas.com/1/POST]
[connect.facebook.net/en_US/fbevents.js]
[frutalesenmacetas.com/1/c.html]
[frutalesenmacetas.com/1/b.html]
[frutalesenmacetas.com/1/POST.html]
